// Jest Snapshot v1, https://goo.gl/fbAQLP

exports[`Get Started render 1`] = `ShallowWrapper {}`;
