// Jest Snapshot v1, https://goo.gl/fbAQLP

exports[`Intro render 1`] = `ShallowWrapper {}`;
