// Jest Snapshot v1, https://goo.gl/fbAQLP

exports[`On Boarding render 1`] = `ShallowWrapper {}`;
