// Jest Snapshot v1, https://goo.gl/fbAQLP

exports[`Stepper render 1`] = `ShallowWrapper {}`;
